    Good evening
Ladies and Gentlemen
<table border=1>
  <tr>
    <th>Number</th>
    <th>Square</th>
  </tr>
    <tr>
    <td>0
</td>
    <td>0
</td>
    </tr>
    <tr>
    <td>1
</td>
    <td>1
</td>
    </tr>
    <tr>
    <td>2
</td>
    <td>4
</td>
    </tr>
    <tr>
    <td>3
</td>
    <td>9
</td>
    </tr>
    <tr>
    <td>4
</td>
    <td>16
</td>
    </tr>
    <tr>
    <td>5
</td>
    <td>25
</td>
    </tr>
    <tr>
    <td>6
</td>
    <td>36
</td>
    </tr>
    <tr>
    <td>7
</td>
    <td>49
</td>
    </tr>
    <tr>
    <td>8
</td>
    <td>64
</td>
    </tr>
    <tr>
    <td>9
</td>
    <td>81
</td>
    </tr>
</table>
