<h3>Session test goes on</h3>
Karrigell
Python
