
<table border=1>
<tr backgroundcolor=green>
<td>One of the best pop bands ever</td>
</tr>
</table>
<table>

<tr><td>guitar</td><td>Johnny Marr</td></tr>
<tr><td>the bass guitar</td><td>Andy Rourke</td></tr>
<tr><td>vocals</td><td>Morrissey</td></tr>
<tr><td>the drums</td><td>Mike Joyce</td></tr>
</table>
