<br>Spam is  %(spam)s
<br>Animal is  %(animal)s
